../Core/Src/main.c:78:5:main	8	static
../Core/Src/main.c:176:6:SystemClock_Config	88	static
../Core/Src/main.c:223:13:MX_ADC1_Init	24	static
../Core/Src/main.c:279:13:MX_ADC2_Init	24	static
../Core/Src/main.c:326:13:MX_TIM3_Init	32	static
../Core/Src/main.c:371:13:MX_TIM4_Init	64	static
../Core/Src/main.c:442:13:MX_USART1_UART_Init	8	static
../Core/Src/main.c:473:13:MX_DMA_Init	16	static
../Core/Src/main.c:491:13:MX_GPIO_Init	40	static
../Core/Src/main.c:547:6:Error_Handler	4	static,ignoring_inline_asm
