../Core/Src/main.c:78:5:main	8	static
../Core/Src/main.c:141:6:SystemClock_Config	88	static
../Core/Src/main.c:188:13:MX_ADC1_Init	24	static
../Core/Src/main.c:244:13:MX_ADC2_Init	24	static
../Core/Src/main.c:291:13:MX_TIM3_Init	32	static
../Core/Src/main.c:336:13:MX_TIM4_Init	64	static
../Core/Src/main.c:407:13:MX_USART1_UART_Init	8	static
../Core/Src/main.c:438:13:MX_DMA_Init	16	static
../Core/Src/main.c:456:13:MX_GPIO_Init	40	static
../Core/Src/main.c:512:6:Error_Handler	4	static,ignoring_inline_asm
